PREHOOK: query: -- data setup
CREATE TABLE part( 
    p_partkey INT,
    p_name STRING,
    p_mfgr STRING,
    p_brand STRING,
    p_type STRING,
    p_size INT,
    p_container STRING,
    p_retailprice DOUBLE,
    p_comment STRING
)
PREHOOK: type: CREATETABLE
POSTHOOK: query: -- data setup
CREATE TABLE part( 
    p_partkey INT,
    p_name STRING,
    p_mfgr STRING,
    p_brand STRING,
    p_type STRING,
    p_size INT,
    p_container STRING,
    p_retailprice DOUBLE,
    p_comment STRING
)
POSTHOOK: type: CREATETABLE
POSTHOOK: Output: default@part
PREHOOK: query: LOAD DATA LOCAL INPATH '../data/files/part_tiny.txt' overwrite into table part
PREHOOK: type: LOAD
PREHOOK: Output: default@part
POSTHOOK: query: LOAD DATA LOCAL INPATH '../data/files/part_tiny.txt' overwrite into table part
POSTHOOK: type: LOAD
POSTHOOK: Output: default@part
PREHOOK: query: select p_mfgr, p_name, p_size,
    sum(p_retailprice) as s1 over (rows unbounded preceding)
     from part distribute by p_mfgr sort by p_name
PREHOOK: type: QUERY
PREHOOK: Input: default@part
#### A masked pattern was here ####
POSTHOOK: query: select p_mfgr, p_name, p_size,
    sum(p_retailprice) as s1 over (rows unbounded preceding)
     from part distribute by p_mfgr sort by p_name
POSTHOOK: type: QUERY
POSTHOOK: Input: default@part
#### A masked pattern was here ####
Manufacturer#1	almond antique burnished rose metallic	2	1173.15
Manufacturer#1	almond antique burnished rose metallic	2	2346.3
Manufacturer#1	almond antique chartreuse lavender yellow	34	4100.06
Manufacturer#1	almond antique salmon chartreuse burlywood	6	5702.650000000001
Manufacturer#1	almond aquamarine burnished black steel	28	7117.070000000001
Manufacturer#1	almond aquamarine pink moccasin thistle	42	8749.730000000001
Manufacturer#2	almond antique violet chocolate turquoise	14	1690.68
Manufacturer#2	almond antique violet turquoise frosted	40	3491.38
Manufacturer#2	almond aquamarine midnight light salmon	2	5523.360000000001
Manufacturer#2	almond aquamarine rose maroon antique	25	7222.02
Manufacturer#2	almond aquamarine sandy cyan gainsboro	18	8923.62
Manufacturer#3	almond antique chartreuse khaki white	17	1671.68
Manufacturer#3	almond antique forest lavender goldenrod	14	2861.95
Manufacturer#3	almond antique metallic orange dim	19	4272.34
Manufacturer#3	almond antique misty red olive	1	6195.32
Manufacturer#3	almond antique olive coral navajo	45	7532.61
Manufacturer#4	almond antique gainsboro frosted violet	10	1620.67
Manufacturer#4	almond antique violet mint lemon	39	2996.09
Manufacturer#4	almond aquamarine floral ivory bisque	27	4202.35
Manufacturer#4	almond aquamarine yellow dodger mint	7	6047.27
Manufacturer#4	almond azure aquamarine papaya violet	12	7337.620000000001
Manufacturer#5	almond antique blue firebrick mint	31	1789.69
Manufacturer#5	almond antique medium spring khaki	6	3401.3500000000004
Manufacturer#5	almond antique sky peru orange	2	5190.08
Manufacturer#5	almond aquamarine dodger light gainsboro	46	6208.18
Manufacturer#5	almond azure blanched chiffon midnight	23	7672.66
PREHOOK: query: select p_mfgr, p_name, p_size,
    sum(p_retailprice) as s1 over (range unbounded preceding)
     from part distribute by p_mfgr sort by p_name
PREHOOK: type: QUERY
PREHOOK: Input: default@part
#### A masked pattern was here ####
POSTHOOK: query: select p_mfgr, p_name, p_size,
    sum(p_retailprice) as s1 over (range unbounded preceding)
     from part distribute by p_mfgr sort by p_name
POSTHOOK: type: QUERY
POSTHOOK: Input: default@part
#### A masked pattern was here ####
Manufacturer#1	almond antique burnished rose metallic	2	1173.15
Manufacturer#1	almond antique burnished rose metallic	2	2346.3
Manufacturer#1	almond antique chartreuse lavender yellow	34	4100.06
Manufacturer#1	almond antique salmon chartreuse burlywood	6	5702.650000000001
Manufacturer#1	almond aquamarine burnished black steel	28	7117.070000000001
Manufacturer#1	almond aquamarine pink moccasin thistle	42	8749.730000000001
Manufacturer#2	almond antique violet chocolate turquoise	14	1690.68
Manufacturer#2	almond antique violet turquoise frosted	40	3491.38
Manufacturer#2	almond aquamarine midnight light salmon	2	5523.360000000001
Manufacturer#2	almond aquamarine rose maroon antique	25	7222.02
Manufacturer#2	almond aquamarine sandy cyan gainsboro	18	8923.62
Manufacturer#3	almond antique chartreuse khaki white	17	1671.68
Manufacturer#3	almond antique forest lavender goldenrod	14	2861.95
Manufacturer#3	almond antique metallic orange dim	19	4272.34
Manufacturer#3	almond antique misty red olive	1	6195.32
Manufacturer#3	almond antique olive coral navajo	45	7532.61
Manufacturer#4	almond antique gainsboro frosted violet	10	1620.67
Manufacturer#4	almond antique violet mint lemon	39	2996.09
Manufacturer#4	almond aquamarine floral ivory bisque	27	4202.35
Manufacturer#4	almond aquamarine yellow dodger mint	7	6047.27
Manufacturer#4	almond azure aquamarine papaya violet	12	7337.620000000001
Manufacturer#5	almond antique blue firebrick mint	31	1789.69
Manufacturer#5	almond antique medium spring khaki	6	3401.3500000000004
Manufacturer#5	almond antique sky peru orange	2	5190.08
Manufacturer#5	almond aquamarine dodger light gainsboro	46	6208.18
Manufacturer#5	almond azure blanched chiffon midnight	23	7672.66
PREHOOK: query: select p_mfgr, p_name, p_size,
    sum(p_retailprice) as s1 over (rows between current row and unbounded following)
    from part distribute by p_mfgr sort by p_name
PREHOOK: type: QUERY
PREHOOK: Input: default@part
#### A masked pattern was here ####
POSTHOOK: query: select p_mfgr, p_name, p_size,
    sum(p_retailprice) as s1 over (rows between current row and unbounded following)
    from part distribute by p_mfgr sort by p_name
POSTHOOK: type: QUERY
POSTHOOK: Input: default@part
#### A masked pattern was here ####
Manufacturer#1	almond antique burnished rose metallic	2	8749.730000000001
Manufacturer#1	almond antique burnished rose metallic	2	7576.58
Manufacturer#1	almond antique chartreuse lavender yellow	34	6403.43
Manufacturer#1	almond antique salmon chartreuse burlywood	6	4649.67
Manufacturer#1	almond aquamarine burnished black steel	28	3047.08
Manufacturer#1	almond aquamarine pink moccasin thistle	42	1632.66
Manufacturer#2	almond antique violet chocolate turquoise	14	8923.62
Manufacturer#2	almond antique violet turquoise frosted	40	7232.9400000000005
Manufacturer#2	almond aquamarine midnight light salmon	2	5432.24
Manufacturer#2	almond aquamarine rose maroon antique	25	3400.26
Manufacturer#2	almond aquamarine sandy cyan gainsboro	18	1701.6
Manufacturer#3	almond antique chartreuse khaki white	17	7532.61
Manufacturer#3	almond antique forest lavender goldenrod	14	5860.929999999999
Manufacturer#3	almond antique metallic orange dim	19	4670.66
Manufacturer#3	almond antique misty red olive	1	3260.27
Manufacturer#3	almond antique olive coral navajo	45	1337.29
Manufacturer#4	almond antique gainsboro frosted violet	10	7337.620000000001
Manufacturer#4	almond antique violet mint lemon	39	5716.950000000001
Manufacturer#4	almond aquamarine floral ivory bisque	27	4341.530000000001
Manufacturer#4	almond aquamarine yellow dodger mint	7	3135.27
Manufacturer#4	almond azure aquamarine papaya violet	12	1290.35
Manufacturer#5	almond antique blue firebrick mint	31	7672.66
Manufacturer#5	almond antique medium spring khaki	6	5882.970000000001
Manufacturer#5	almond antique sky peru orange	2	4271.3099999999995
Manufacturer#5	almond aquamarine dodger light gainsboro	46	2482.58
Manufacturer#5	almond azure blanched chiffon midnight	23	1464.48
PREHOOK: query: select p_mfgr, p_name, p_size,
    sum(p_retailprice) as s1 over (range between current row and unbounded following)
    from part distribute by p_mfgr sort by p_name
PREHOOK: type: QUERY
PREHOOK: Input: default@part
#### A masked pattern was here ####
POSTHOOK: query: select p_mfgr, p_name, p_size,
    sum(p_retailprice) as s1 over (range between current row and unbounded following)
    from part distribute by p_mfgr sort by p_name
POSTHOOK: type: QUERY
POSTHOOK: Input: default@part
#### A masked pattern was here ####
Manufacturer#1	almond antique burnished rose metallic	2	8749.730000000001
Manufacturer#1	almond antique burnished rose metallic	2	7576.58
Manufacturer#1	almond antique chartreuse lavender yellow	34	6403.43
Manufacturer#1	almond antique salmon chartreuse burlywood	6	4649.67
Manufacturer#1	almond aquamarine burnished black steel	28	3047.08
Manufacturer#1	almond aquamarine pink moccasin thistle	42	1632.66
Manufacturer#2	almond antique violet chocolate turquoise	14	8923.62
Manufacturer#2	almond antique violet turquoise frosted	40	7232.9400000000005
Manufacturer#2	almond aquamarine midnight light salmon	2	5432.24
Manufacturer#2	almond aquamarine rose maroon antique	25	3400.26
Manufacturer#2	almond aquamarine sandy cyan gainsboro	18	1701.6
Manufacturer#3	almond antique chartreuse khaki white	17	7532.61
Manufacturer#3	almond antique forest lavender goldenrod	14	5860.929999999999
Manufacturer#3	almond antique metallic orange dim	19	4670.66
Manufacturer#3	almond antique misty red olive	1	3260.27
Manufacturer#3	almond antique olive coral navajo	45	1337.29
Manufacturer#4	almond antique gainsboro frosted violet	10	7337.620000000001
Manufacturer#4	almond antique violet mint lemon	39	5716.950000000001
Manufacturer#4	almond aquamarine floral ivory bisque	27	4341.530000000001
Manufacturer#4	almond aquamarine yellow dodger mint	7	3135.27
Manufacturer#4	almond azure aquamarine papaya violet	12	1290.35
Manufacturer#5	almond antique blue firebrick mint	31	7672.66
Manufacturer#5	almond antique medium spring khaki	6	5882.970000000001
Manufacturer#5	almond antique sky peru orange	2	4271.3099999999995
Manufacturer#5	almond aquamarine dodger light gainsboro	46	2482.58
Manufacturer#5	almond azure blanched chiffon midnight	23	1464.48
