PREHOOK: query: drop table over10k
PREHOOK: type: DROPTABLE
POSTHOOK: query: drop table over10k
POSTHOOK: type: DROPTABLE
PREHOOK: query: create table over10k(
           t tinyint,
           si smallint,
           i int,
           b bigint,
           f float,
           d double,
           bo boolean,
           s string,
	   ts timestamp, 
           dec decimal,  
           bin binary)
       row format delimited
       fields terminated by '|'
PREHOOK: type: CREATETABLE
POSTHOOK: query: create table over10k(
           t tinyint,
           si smallint,
           i int,
           b bigint,
           f float,
           d double,
           bo boolean,
           s string,
	   ts timestamp, 
           dec decimal,  
           bin binary)
       row format delimited
       fields terminated by '|'
POSTHOOK: type: CREATETABLE
POSTHOOK: Output: default@over10k
PREHOOK: query: load data local inpath '../data/files/over10k' into table over10k
PREHOOK: type: LOAD
PREHOOK: Output: default@over10k
POSTHOOK: query: load data local inpath '../data/files/over10k' into table over10k
POSTHOOK: type: LOAD
POSTHOOK: Output: default@over10k
PREHOOK: query: select s, sum(b) over (partition by i order by si rows unbounded preceding) from over10k limit 100
PREHOOK: type: QUERY
PREHOOK: Input: default@over10k
#### A masked pattern was here ####
POSTHOOK: query: select s, sum(b) over (partition by i order by si rows unbounded preceding) from over10k limit 100
POSTHOOK: type: QUERY
POSTHOOK: Input: default@over10k
#### A masked pattern was here ####
bob robinson	4294967349
irene johnson	8589934809
david nixon	12884902300
holly white	17179869620
sarah thompson	21474836919
david johnson	25769804409
gabriella garcia	30064771840
nick davidson	34359739370
ethan underhill	38654706880
ethan johnson	42949674237
ethan ovid	47244641665
ulysses polk	51539609149
rachel xylophone	55834576466
priscilla young	60129543807
zach hernandez	64424511119
wendy polk	68719478445
priscilla garcia	73014445793
oscar allen	77309413101
priscilla xylophone	81604380561
oscar garcia	85899348058
sarah thompson	90194315396
oscar ovid	94489282904
luke allen	98784250367
fred miller	103079217857
rachel brown	107374185306
alice ichabod	111669152747
alice robinson	115964120223
victor johnson	120259087607
priscilla white	124554055096
calvin thompson	128849022432
rachel ichabod	133143989766
mike quirinius	137438957244
gabriella underhill	141733924551
david laertes	146028891982
katie ellison	150323859357
fred miller	154618826769
xavier davidson	158913794163
oscar ichabod	163208761567
tom steinbeck	167503728932
tom johnson	171798696363
david nixon	176093663744
zach allen	180388631253
yuri ellison	184683598766
oscar steinbeck	188978566217
mike white	193273533646
david xylophone	4294967419
oscar carson	8589934879
alice ellison	12884902325
nick davidson	17179869787
mike hernandez	21474837308
sarah ichabod	25769804857
zach ichabod	30064772276
zach ovid	34359739647
yuri garcia	38654707087
zach nixon	42949674516
nick carson	47244641852
mike garcia	51539609271
wendy van buren	55834576685
luke nixon	60129544135
priscilla white	64424511540
gabriella ichabod	68719478979
xavier underhill	73014446393
zach falkner	77309413898
holly laertes	81604381346
calvin brown	85899348783
yuri quirinius	90194316225
yuri white	94489283634
katie robinson	98784251053
katie thompson	103079218409
oscar robinson	107374185735
jessica hernandez	111669153271
ulysses falkner	115964120819
holly quirinius	120259088349
fred van buren	124554055812
victor xylophone	128849023352
bob carson	133143990798
ethan white	137438958291
wendy garcia	141733925665
fred johnson	146028893128
sarah falkner	150323860576
gabriella johnson	4294967496
yuri brown	8589935023
xavier davidson	12884902564
katie nixon	17179870081
calvin allen	21474837415
mike brown	25769804757
zach van buren	30064772179
tom polk	34359739577
alice ichabod	38654707028
holly thompson	42949674367
oscar white	47244641792
priscilla xylophone	51539609245
nick quirinius	55834576730
ulysses davidson	60129544067
gabriella nixon	64424511395
rachel young	68719478910
sarah ichabod	73014446396
ulysses robinson	77309413900
quinn laertes	81604381239
luke white	85899348560
PREHOOK: query: select s, sum(f) over (partition by d order by i rows unbounded preceding) from over10k limit 100
PREHOOK: type: QUERY
PREHOOK: Input: default@over10k
#### A masked pattern was here ####
POSTHOOK: query: select s, sum(f) over (partition by d order by i rows unbounded preceding) from over10k limit 100
POSTHOOK: type: QUERY
POSTHOOK: Input: default@over10k
#### A masked pattern was here ####
calvin miller	8.390000343322754
wendy quirinius	25.5
holly polk	30.789999961853027
yuri laertes	68.38000011444092
nick steinbeck	79.23999786376953
katie brown	60.0
priscilla quirinius	137.83999633789062
tom young	186.33999633789062
xavier robinson	87.91000366210938
katie falkner	139.4800033569336
gabriella quirinius	153.84000301361084
ethan carson	40.90999984741211
victor johnson	100.0
zach white	46.54999923706055
jessica white	78.0099983215332
jessica king	170.71999740600586
holly falkner	97.3499984741211
victor davidson	157.06999969482422
quinn falkner	255.95999908447266
holly young	19.110000610351562
nick robinson	13.329999923706055
xavier steinbeck	48.53999900817871
irene king	30.469999313354492
quinn zipper	90.04000091552734
wendy zipper	77.44000244140625
priscilla miller	92.8000020980835
yuri miller	153.5600004196167
zach steinbeck	9.069999694824219
fred nixon	50.08000183105469
katie brown	13.300000190734863
nick davidson	87.05000305175781
gabriella davidson	3.940000057220459
zach carson	70.88999700546265
holly hernandez	48.52000045776367
jessica quirinius	90.18000030517578
tom xylophone	166.11000061035156
wendy king	184.76000022888184
yuri zipper	70.7699966430664
gabriella brown	155.5999984741211
quinn johnson	205.75
david robinson	64.79000091552734
mike nixon	153.7300033569336
rachel davidson	96.70999908447266
gabriella white	98.12999904155731
yuri garcia	9.880000114440918
yuri zipper	104.01999950408936
katie hernandez	67.55999755859375
jessica steinbeck	93.24999809265137
alice king	178.9699993133545
quinn davidson	95.11000061035156
quinn van buren	177.91000366210938
priscilla young	239.6400032043457
katie ovid	279.6400032043457
victor steinbeck	309.6400032043457
gabriella brown	80.6500015258789
jessica ichabod	96.54000091552734
zach laertes	104.50000095367432
tom robinson	89.36000061035156
irene carson	150.43000030517578
irene falkner	171.17000007629395
priscilla zipper	241.14000129699707
ethan miller	290.75000190734863
nick white	58.25
xavier laertes	119.95999908447266
katie polk	158.64999771118164
sarah davidson	161.30999779701233
nick polk	98.29000091552734
alice ichabod	130.97999954223633
luke brown	0.6200000047683716
gabriella robinson	90.71999847888947
wendy allen	116.34999763965607
calvin ichabod	29.059999465942383
holly steinbeck	98.4799976348877
gabriella carson	38.09000015258789
tom nixon	123.11999893188477
holly van buren	191.92999649047852
mike brown	88.22000122070312
katie laertes	163.97000122070312
oscar nixon	24.020000457763672
zach garcia	101.61999893188477
tom polk	76.98999786376953
mike allen	96.44999694824219
alice johnson	1.090000033378601
priscilla thompson	84.91999816894531
yuri young	142.52999877929688
holly robinson	168.73999786376953
rachel carson	80.98999786376953
victor brown	39.15999984741211
gabriella laertes	78.97999954223633
holly allen	44.56999969482422
bob carson	68.71999931335449
rachel carson	81.55000305175781
fred nixon	119.60000228881836
alice nixon	49.130001068115234
priscilla brown	123.57999801635742
victor falkner	42.4900016784668
tom white	37.630001068115234
david garcia	104.90999984741211
holly hernandez	154.0
rachel ellison	10.600000381469727
PREHOOK: query: select s, sum(f) over (partition by ts order by b range between current row and unbounded following) from over10k limit 100
PREHOOK: type: QUERY
PREHOOK: Input: default@over10k
#### A masked pattern was here ####
POSTHOOK: query: select s, sum(f) over (partition by ts order by b range between current row and unbounded following) from over10k limit 100
POSTHOOK: type: QUERY
POSTHOOK: Input: default@over10k
#### A masked pattern was here ####
rachel quirinius	19895.99000313878
priscilla hernandez	19883.550003558397
gabriella king	19831.46000340581
oscar thompson	19779.580002337694
nick ellison	19738.240002185106
katie brown	19638.900005847216
quinn ovid	19561.12000706792
zach ovid	19498.090008288622
holly steinbeck	19402.14001134038
irene falkner	19306.63000920415
quinn steinbeck	19236.860012561083
alice garcia	19212.15001347661
yuri brown	19117.04001286626
luke young	19099.460012942553
ethan steinbeck	19061.670012027025
ulysses hernandez	19027.070013552904
katie zipper	18943.790014773607
gabriella white	18906.470015078783
jessica quirinius	18851.030016452074
irene brown	18828.090015918016
bob carson	18792.770016223192
rachel white	18791.980016201735
wendy garcia	18700.720014065504
wendy falkner	18643.470014065504
tom johnson	18566.110013455153
quinn johnson	18492.620015591383
oscar carson	18480.520015209913
xavier carson	18388.19001337886
gabriella white	18314.930011242628
wendy nixon	18284.79001185298
quinn king	18264.710011929274
nick van buren	18174.030011624098
david laertes	18151.870011776686
david carson	18126.39001223445
luke hernandez	18028.2500128448
katie johnson	17984.930013149977
alice carson	17902.41001650691
sarah quirinius	17814.630017727613
calvin ovid	17741.390019863844
luke young	17695.81001803279
fred underhill	17638.680016964674
oscar falkner	17628.5000166595
fred young	17593.740018337965
luke nixon	17587.980018109083
victor miller	17542.490016430616
mike xylophone	17449.81001612544
priscilla quirinius	17368.540019482374
nick ellison	17325.53002116084
mike hernandez	17314.910021275282
david miller	17303.820021122694
rachel king	17234.930021733046
fred polk	17175.480020970106
zach van buren	17168.220020741224
rachel polk	17118.910019367933
holly ichabod	17089.90001913905
oscar ichabod	17006.630022495985
fred polk	16914.780024021864
jessica robinson	16861.52002570033
oscar robinson	16850.200026005507
gabriella johnson	16788.57002493739
tom allen	16758.86002585292
rachel allen	16718.350027531385
sarah falkner	16643.900030583143
jessica nixon	16603.360029667616
alice thompson	16595.270029515028
zach laertes	16497.760027378798
wendy ichabod	16457.2300285995
zach allen	16456.640028625727
jessica allen	16454.520028740168
sarah thompson	16404.060029655695
luke laertes	16385.800029426813
zach polk	16314.160030037165
victor hernandez	16228.610026985407
sarah falkner	16154.09003034234
sarah ovid	16114.79003110528
xavier carson	16045.060027748346
holly steinbeck	15960.410026222467
luke hernandez	15936.680026680231
ethan brown	15924.840026527643
david quirinius	15878.480025917292
gabriella young	15847.92002645135
sarah quirinius	15763.410024315119
ethan hernandez	15690.980024009943
calvin white	15641.200025230646
sarah ovid	15605.27002492547
yuri garcia	15551.240026146173
jessica zipper	15527.97002568841
holly thompson	15506.450025230646
ethan nixon	15421.700025230646
wendy johnson	15383.750024467707
gabriella zipper	15299.770021110773
mike laertes	15263.51002278924
victor miller	15221.910024315119
jessica davidson	15143.360021263361
priscilla zipper	15087.350022941828
katie white	15013.830026298761
rachel underhill	14974.350026756525
holly king	14910.660028129816
priscilla robinson	14855.270028740168
gabriella king	14834.600028663874
PREHOOK: query: select s, avg(f) over (partition by bin order by s rows between current row and 5 following) from over10k limit 100
PREHOOK: type: QUERY
PREHOOK: Input: default@over10k
#### A masked pattern was here ####
POSTHOOK: query: select s, avg(f) over (partition by bin order by s rows between current row and 5 following) from over10k limit 100
POSTHOOK: type: QUERY
POSTHOOK: Input: default@over10k
#### A masked pattern was here ####
alice davidson	48.39166768391927
alice davidson	46.76333427429199
alice falkner	46.43333371480306
alice falkner	46.9966672261556
alice garcia	50.778334299723305
alice hernandez	58.11500040690104
alice king	56.846666971842446
alice king	48.9350004196167
alice nixon	42.5600004196167
alice ovid	41.2383337020874
alice polk	40.97999986012777
alice quirinius	39.10666688283285
alice steinbeck	38.64833370844523
alice steinbeck	45.453333695729576
alice xylophone	45.72333383560181
bob allen	49.850000858306885
bob carson	47.93000078201294
bob davidson	50.72666724522909
bob garcia	54.31500085194906
bob ichabod	53.10500113169352
bob king	54.813334147135414
bob nixon	46.69166692097982
bob quirinius	40.1850004196167
bob robinson	40.178333600362144
bob steinbeck	41.888333320617676
bob thompson	45.609999656677246
bob underhill	54.843332608540855
bob underhill	67.28666655222575
bob van buren	78.15333302815755
bob white	77.08833312988281
bob zipper	77.79500007629395
calvin falkner	73.87833340962727
calvin johnson	64.13000043233235
calvin king	59.62166659037272
calvin miller	54.65000025431315
calvin robinson	45.6850004196167
calvin young	47.97666708628336
david falkner	53.101667722066246
david falkner	46.96000130971273
david garcia	38.215001265207924
david laertes	31.49333429336548
david robinson	29.42000087102254
david robinson	20.826667308807373
david underhill	18.201666673024494
david underhill	25.678333441416424
david underhill	35.02333323160807
david young	33.43166661262512
david young	44.64500037829081
david young	52.74333373705546
ethan brown	48.8166671593984
ethan brown	54.74000064531962
ethan brown	51.29333392779032
ethan carson	61.7383337020874
ethan carson	61.09500026702881
ethan ellison	63.83333365122477
ethan falkner	71.36666742960612
ethan hernandez	64.01333363850911
ethan hernandez	63.31000073750814
ethan king	61.715000788370766
ethan miller	62.758334477742515
ethan nixon	59.5483341217041
ethan nixon	52.14833354949951
ethan polk	54.858333905537926
ethan thompson	48.25166702270508
ethan thompson	51.20000076293945
ethan underhill	38.90000009536743
ethan underhill	35.8683336575826
ethan xylophone	33.24166711171468
ethan zipper	38.02166716257731
fred davidson	40.61000061035156
fred ellison	42.13666661580404
fred laertes	48.21500031153361
fred ovid	50.3050004641215
fred robinson	51.78000036875407
fred underhill	39.080000162124634
fred zipper	42.42166670163473
gabriella ellison	29.853333711624146
gabriella king	33.516666332880654
gabriella laertes	33.8649996916453
gabriella miller	31.606666326522827
gabriella steinbeck	31.81166632970174
gabriella underhill	32.311666329701744
gabriella van buren	37.053332805633545
gabriella van buren	32.42833344141642
gabriella young	38.19166707992554
gabriella zipper	45.965000788370766
holly brown	49.75166734059652
holly carson	53.02666759490967
holly king	61.99000072479248
holly king	71.15833377838135
holly laertes	59.49499988555908
holly nixon	51.66999959945679
holly polk	47.653333028157554
holly polk	43.83499972025553
holly quirinius	28.495000183582306
holly robinson	17.7650000055631
holly steinbeck	15.870000024636587
holly underhill	17.810000081857044
holly underhill	17.54666676123937
holly van buren	24.124999662240345
PREHOOK: query: select s, avg(d) over (partition by t order by ts desc rows between 5 preceding and 5 following) from over10k limit 100
PREHOOK: type: QUERY
PREHOOK: Input: default@over10k
#### A masked pattern was here ####
POSTHOOK: query: select s, avg(d) over (partition by t order by ts desc rows between 5 preceding and 5 following) from over10k limit 100
POSTHOOK: type: QUERY
POSTHOOK: Input: default@over10k
#### A masked pattern was here ####
xavier falkner	23.721666666666664
david steinbeck	21.97285714285714
quinn king	23.287499999999998
tom white	22.472222222222218
sarah laertes	24.195999999999998
yuri thompson	23.22181818181818
gabriella ellison	24.956363636363633
priscilla white	24.75272727272727
luke underhill	25.51181818181818
alice johnson	27.738181818181815
zach white	28.035454545454545
quinn nixon	27.28727272727273
holly johnson	27.58
zach robinson	27.06090909090909
xavier polk	27.38
ulysses falkner	28.222727272727276
ethan brown	30.021818181818183
gabriella van buren	28.11
oscar thompson	31.786363636363635
irene garcia	30.502727272727274
holly white	31.639090909090907
rachel xylophone	32.94272727272727
irene falkner	33.62454545454545
ethan steinbeck	34.75181818181818
tom garcia	36.39090909090909
fred ichabod	35.152727272727276
fred zipper	34.806363636363635
oscar young	35.21
ulysses underhill	36.36909090909091
david thompson	36.90090909090909
zach young	34.775454545454544
luke ovid	33.24363636363637
zach zipper	32.74363636363637
holly hernandez	32.13363636363636
ulysses ichabod	31.74272727272728
tom thompson	29.270000000000007
zach hernandez	32.37727272727273
ethan carson	29.71272727272727
gabriella van buren	27.472727272727273
luke steinbeck	27.20818181818182
katie laertes	25.99272727272727
katie king	28.726363636363633
wendy robinson	29.79909090909091
rachel miller	27.967272727272725
irene ichabod	28.66
jessica ichabod	30.66909090909091
bob miller	30.35181818181818
victor young	28.001818181818184
wendy xylophone	27.936363636363637
irene polk	30.44727272727273
xavier xylophone	27.463636363636365
luke falkner	25.963636363636365
ethan young	25.215454545454545
xavier johnson	22.612727272727277
rachel polk	23.093636363636367
priscilla van buren	22.483636363636364
xavier carson	20.85636363636364
irene steinbeck	22.520909090909093
xavier xylophone	23.456363636363633
gabriella ichabod	23.886363636363637
irene falkner	24.53818181818182
oscar miller	26.708181818181814
sarah laertes	26.28181818181819
victor xylophone	25.453636363636363
xavier hernandez	25.03454545454546
priscilla white	24.753636363636364
bob ichabod	23.797272727272727
sarah robinson	22.730909090909094
yuri robinson	22.976363636363637
fred van buren	22.486363636363635
quinn quirinius	21.721818181818183
yuri ellison	19.60181818181818
rachel thompson	17.292727272727273
jessica ellison	16.670909090909092
tom garcia	17.825454545454548
calvin davidson	17.35727272727273
irene carson	19.302727272727275
tom underhill	17.35363636363636
xavier miller	19.368181818181817
nick davidson	18.11727272727273
nick hernandez	18.843636363636367
gabriella falkner	19.87818181818182
yuri king	19.399090909090912
fred allen	20.424545454545456
ulysses miller	23.327272727272728
gabriella king	21.463636363636365
yuri davidson	21.87636363636364
katie ichabod	21.414545454545454
gabriella allen	23.37909090909091
calvin white	20.86272727272727
oscar nixon	22.824545454545454
yuri white	20.997272727272726
victor zipper	20.130000000000003
victor underhill	22.741818181818182
tom ovid	22.217272727272732
ethan nixon	22.959090909090914
alice ichabod	21.748181818181816
sarah garcia	20.924545454545452
oscar van buren	19.526363636363637
david davidson	18.033636363636365
PREHOOK: query: select s, avg(f) over (partition by bo order by bin range between unbounded preceding and current row) from over10k limit 100
PREHOOK: type: QUERY
PREHOOK: Input: default@over10k
#### A masked pattern was here ####
POSTHOOK: query: select s, avg(f) over (partition by bo order by bin range between unbounded preceding and current row) from over10k limit 100
POSTHOOK: type: QUERY
POSTHOOK: Input: default@over10k
#### A masked pattern was here ####
tom johnson	43.56999969482422
alice king	47.89999961853027
tom zipper	51.31000010172526
priscilla nixon	54.22749996185303
irene van buren	54.380000305175784
nick polk	53.56000010172526
quinn johnson	52.8957143511091
tom carson	46.89500004053116
victor xylophone	49.746666431427
holly king	53.62700009346008
ethan underhill	53.98181815580888
ethan king	56.079166769981384
bob quirinius	58.5646154330327
ulysses quirinius	61.08999991416931
zach ovid	62.223333009084065
fred laertes	60.793124705553055
ulysses davidson	59.30411734300501
nick laertes	56.52166639433967
alice king	57.1163155154178
xavier johnson	56.84699971675873
yuri thompson	54.827618757883705
ulysses hernandez	52.89954517104409
yuri steinbeck	51.14217362196549
sarah thompson	52.13833318154017
priscilla hernandez	52.1251999092102
holly underhill	50.365384523685165
david young	48.93592585457696
alice steinbeck	48.244285634585786
fred davidson	49.266896527389
luke white	48.0383333047231
jessica nixon	46.71322577999484
katie polk	47.53406257927418
irene garcia	46.71818191354925
alice ovid	47.51264725011938
alice davidson	48.149428844451904
victor young	48.188055846426224
holly brown	48.00729758030659
yuri polk	47.9731581462057
bob davidson	47.0905130704244
zach polk	47.895750319957735
katie falkner	47.69170759945381
ulysses garcia	48.67238116264343
victor young	49.57000012730443
jessica thompson	48.981818318367004
nick king	49.86155568228828
oscar garcia	49.328913180724435
victor laertes	48.399787365122044
victor laertes	49.081250141064324
katie ellison	49.732040979424305
quinn carson	50.48520014762878
luke xylophone	50.40235305299946
sarah ellison	50.68942322180821
victor robinson	51.309811457148136
ulysses falkner	51.273889002976595
rachel falkner	51.28527286702936
xavier ichabod	50.76125014679773
katie thompson	50.748245766288356
bob nixon	50.91913807803187
xavier ichabod	50.48966116016194
oscar robinson	51.15100011030833
yuri falkner	50.42934437267116
gabriella laertes	49.97870978232353
sarah quirinius	50.27127000263759
yuri ovid	50.749687649309635
katie white	50.512769354306734
bob allen	50.84106073235021
david young	50.31701504294552
katie miller	50.21544129007003
ethan thompson	50.72550741140393
zach davidson	50.56057159560067
david falkner	50.74788749721688
katie van buren	50.59027796983719
ethan ellison	50.28904129054448
holly carson	50.15135152275498
sarah hernandez	50.007333482106525
mike hernandez	50.08868433927235
irene van buren	49.86142870048424
tom hernandez	49.6783334842095
katie ovid	50.234303927119775
luke polk	50.00587511658669
sarah davidson	49.74111121966515
gabriella miller	49.21402449724151
sarah young	49.63867479347321
sarah young	49.75500009173439
zach thompson	49.22647067799288
mike garcia	48.723837298016214
quinn ovid	48.88827593573208
ethan underhill	48.66681825030934
luke carson	48.25955063037658
victor ovid	48.45844455295139
holly steinbeck	48.020769339341385
sarah thompson	48.42826100017714
bob carson	48.67752701749084
ethan carson	48.80180865145744
tom zipper	48.69989486493562
xavier white	49.22479175527891
ethan brown	48.79061864577618
quinn robinson	49.0937755983703
ulysses quirinius	48.92131322321266
mike garcia	48.698300099372865
PREHOOK: query: select s, sum(i) over() from over10k limit 100
PREHOOK: type: QUERY
PREHOOK: Input: default@over10k
#### A masked pattern was here ####
POSTHOOK: query: select s, sum(i) over() from over10k limit 100
POSTHOOK: type: QUERY
POSTHOOK: Input: default@over10k
#### A masked pattern was here ####
bob davidson	656584379
alice zipper	656584379
katie davidson	656584379
xavier quirinius	656584379
nick robinson	656584379
tom hernandez	656584379
ulysses hernandez	656584379
priscilla ichabod	656584379
quinn van buren	656584379
luke laertes	656584379
xavier polk	656584379
zach falkner	656584379
quinn davidson	656584379
priscilla van buren	656584379
fred king	656584379
calvin ellison	656584379
sarah garcia	656584379
zach young	656584379
david underhill	656584379
yuri carson	656584379
ulysses laertes	656584379
jessica thompson	656584379
sarah johnson	656584379
zach ovid	656584379
victor nixon	656584379
sarah ellison	656584379
xavier davidson	656584379
fred steinbeck	656584379
tom robinson	656584379
victor allen	656584379
luke allen	656584379
fred zipper	656584379
alice nixon	656584379
irene van buren	656584379
alice laertes	656584379
quinn davidson	656584379
rachel ellison	656584379
tom van buren	656584379
luke zipper	656584379
mike carson	656584379
jessica ellison	656584379
bob brown	656584379
zach thompson	656584379
holly ichabod	656584379
david polk	656584379
holly falkner	656584379
wendy van buren	656584379
tom falkner	656584379
xavier thompson	656584379
fred johnson	656584379
victor steinbeck	656584379
irene thompson	656584379
calvin brown	656584379
irene underhill	656584379
calvin davidson	656584379
luke xylophone	656584379
fred ichabod	656584379
victor davidson	656584379
bob xylophone	656584379
oscar white	656584379
irene laertes	656584379
tom polk	656584379
calvin garcia	656584379
mike king	656584379
ulysses underhill	656584379
katie hernandez	656584379
katie miller	656584379
luke allen	656584379
nick laertes	656584379
holly underhill	656584379
irene falkner	656584379
oscar quirinius	656584379
nick allen	656584379
xavier ichabod	656584379
zach xylophone	656584379
jessica zipper	656584379
alice allen	656584379
jessica johnson	656584379
fred steinbeck	656584379
wendy ovid	656584379
wendy king	656584379
holly hernandez	656584379
mike white	656584379
priscilla johnson	656584379
gabriella ovid	656584379
victor xylophone	656584379
alice laertes	656584379
ulysses xylophone	656584379
yuri nixon	656584379
xavier johnson	656584379
fred miller	656584379
luke garcia	656584379
oscar ovid	656584379
calvin falkner	656584379
luke ellison	656584379
rachel allen	656584379
oscar king	656584379
calvin hernandez	656584379
nick ichabod	656584379
bob ovid	656584379
PREHOOK: query: select f, sum(f) over (order by f range between unbounded preceding and current row) from over10k limit 100
PREHOOK: type: QUERY
PREHOOK: Input: default@over10k
#### A masked pattern was here ####
POSTHOOK: query: select f, sum(f) over (order by f range between unbounded preceding and current row) from over10k limit 100
POSTHOOK: type: QUERY
POSTHOOK: Input: default@over10k
#### A masked pattern was here ####
0.01	0.009999999776482582
0.01	0.019999999552965164
0.02	0.03999999910593033
0.02	0.05999999865889549
0.02	0.07999999821186066
0.03	0.1099999975413084
0.03	0.13999999687075615
0.04	0.17999999597668648
0.05	0.22999999672174454
0.07	0.29999999701976776
0.07	0.369999997317791
0.08	0.44999999552965164
0.08	0.5299999937415123
0.08	0.609999991953373
0.09	0.6999999955296516
0.09	0.7899999991059303
0.1	0.8900000005960464
0.11	1.0
0.12	1.119999997317791
0.12	1.239999994635582
0.13	1.3699999898672104
0.14	1.5099999904632568
0.14	1.6499999910593033
0.15	1.7999999970197678
0.15	1.9500000029802322
0.16	2.1099999994039536
0.16	2.269999995827675
0.17	2.439999997615814
0.18	2.6200000047683716
0.19	2.810000002384186
0.2	3.010000005364418
0.2	3.2100000083446503
0.23	3.4400000125169754
0.23	3.6700000166893005
0.23	3.9000000208616257
0.27	4.170000031590462
0.27	4.440000042319298
0.27	4.710000053048134
0.28	4.990000054240227
0.28	5.27000005543232
0.29	5.560000047087669
0.31	5.870000049471855
0.32	6.190000042319298
0.35	6.540000036358833
0.36	6.900000050663948
0.36	7.260000064969063
0.37	7.630000069737434
0.39	8.02000005543232
0.39	8.410000041127205
0.42	8.830000028014183
0.43	9.26000003516674
0.43	9.690000042319298
0.43	10.120000049471855
0.44	10.56000004708767
0.44	11.000000044703484
0.48	11.480000033974648
0.5	11.980000033974648
0.5	12.480000033974648
0.51	12.990000024437904
0.52	13.510000005364418
0.52	14.029999986290932
0.52	14.549999967217445
0.53	15.079999938607216
0.54	15.619999960064888
0.55	16.169999971985817
0.56	16.729999974370003
0.57	17.299999967217445
0.58	17.879999950528145
0.59	18.4699999243021
0.6	19.06999994814396
0.61	19.679999962449074
0.62	20.299999967217445
0.62	20.919999971985817
0.62	21.53999997675419
0.67	22.20999999344349
0.68	22.890000000596046
0.68	23.570000007748604
0.69	24.260000005364418
0.69	24.950000002980232
0.71	25.65999998152256
0.75	26.40999998152256
0.76	27.169999971985817
0.77	27.93999995291233
0.78	28.7199999243021
0.79	29.509999945759773
0.79	30.299999967217445
0.79	31.089999988675117
0.8	31.890000000596046
0.82	32.70999999344349
0.83	33.53999997675419
0.84	34.379999950528145
0.84	35.2199999243021
0.85	36.06999994814396
0.87	36.93999995291233
0.88	37.81999994814396
0.89	38.709999933838844
0.9	39.609999909996986
0.91	40.51999993622303
0.92	41.43999995291233
0.93	42.36999996006489
