PREHOOK: query: drop table over10k
PREHOOK: type: DROPTABLE
POSTHOOK: query: drop table over10k
POSTHOOK: type: DROPTABLE
PREHOOK: query: create table over10k(
           t tinyint,
           si smallint,
           i int,
           b bigint,
           f float,
           d double,
           bo boolean,
           s string,
	   ts timestamp, 
           dec decimal,  
           bin binary)
       row format delimited
       fields terminated by '|'
PREHOOK: type: CREATETABLE
POSTHOOK: query: create table over10k(
           t tinyint,
           si smallint,
           i int,
           b bigint,
           f float,
           d double,
           bo boolean,
           s string,
	   ts timestamp, 
           dec decimal,  
           bin binary)
       row format delimited
       fields terminated by '|'
POSTHOOK: type: CREATETABLE
POSTHOOK: Output: default@over10k
PREHOOK: query: load data local inpath '../data/files/over10k' into table over10k
PREHOOK: type: LOAD
PREHOOK: Output: default@over10k
POSTHOOK: query: load data local inpath '../data/files/over10k' into table over10k
POSTHOOK: type: LOAD
POSTHOOK: Output: default@over10k
PREHOOK: query: select s, rank() over (partition by s order by si), sum(b) over (partition by s order by si) from over10k limit 100
PREHOOK: type: QUERY
PREHOOK: Input: default@over10k
#### A masked pattern was here ####
POSTHOOK: query: select s, rank() over (partition by s order by si), sum(b) over (partition by s order by si) from over10k limit 100
POSTHOOK: type: QUERY
POSTHOOK: Input: default@over10k
#### A masked pattern was here ####
alice allen	1	34359739722
alice allen	2	34359739722
alice allen	3	34359739722
alice allen	4	34359739722
alice allen	5	34359739722
alice allen	6	34359739722
alice allen	6	34359739722
alice allen	8	34359739722
alice brown	1	60129543595
alice brown	2	60129543595
alice brown	3	60129543595
alice brown	4	60129543595
alice brown	5	60129543595
alice brown	6	60129543595
alice brown	7	60129543595
alice brown	8	60129543595
alice brown	9	60129543595
alice brown	10	60129543595
alice brown	11	60129543595
alice brown	12	60129543595
alice brown	13	60129543595
alice brown	14	60129543595
alice carson	1	42949673743
alice carson	2	42949673743
alice carson	3	42949673743
alice carson	4	42949673743
alice carson	5	42949673743
alice carson	6	42949673743
alice carson	7	42949673743
alice carson	8	42949673743
alice carson	9	42949673743
alice carson	10	42949673743
alice davidson	1	77309413954
alice davidson	2	77309413954
alice davidson	3	77309413954
alice davidson	4	77309413954
alice davidson	5	77309413954
alice davidson	6	77309413954
alice davidson	7	77309413954
alice davidson	8	77309413954
alice davidson	9	77309413954
alice davidson	10	77309413954
alice davidson	10	77309413954
alice davidson	12	77309413954
alice davidson	13	77309413954
alice davidson	14	77309413954
alice davidson	15	77309413954
alice davidson	16	77309413954
alice davidson	17	77309413954
alice davidson	18	77309413954
alice ellison	1	64424511508
alice ellison	2	64424511508
alice ellison	3	64424511508
alice ellison	4	64424511508
alice ellison	5	64424511508
alice ellison	6	64424511508
alice ellison	7	64424511508
alice ellison	8	64424511508
alice ellison	9	64424511508
alice ellison	10	64424511508
alice ellison	11	64424511508
alice ellison	12	64424511508
alice ellison	13	64424511508
alice ellison	14	64424511508
alice ellison	15	64424511508
alice falkner	1	73014445956
alice falkner	2	73014445956
alice falkner	3	73014445956
alice falkner	4	73014445956
alice falkner	5	73014445956
alice falkner	6	73014445956
alice falkner	7	73014445956
alice falkner	8	73014445956
alice falkner	8	73014445956
alice falkner	10	73014445956
alice falkner	11	73014445956
alice falkner	11	73014445956
alice falkner	13	73014445956
alice falkner	14	73014445956
alice falkner	15	73014445956
alice falkner	16	73014445956
alice falkner	17	73014445956
alice garcia	1	55834576425
alice garcia	2	55834576425
alice garcia	3	55834576425
alice garcia	4	55834576425
alice garcia	5	55834576425
alice garcia	6	55834576425
alice garcia	7	55834576425
alice garcia	8	55834576425
alice garcia	9	55834576425
alice garcia	10	55834576425
alice garcia	10	55834576425
alice garcia	12	55834576425
alice garcia	13	55834576425
alice hernandez	1	77309413194
alice hernandez	2	77309413194
alice hernandez	3	77309413194
alice hernandez	4	77309413194
alice hernandez	5	77309413194
PREHOOK: query: select s, 
rank() over (partition by s order by dec desc), 
sum(b) over (partition by s order by ts desc) 
from over10k
where s = 'tom allen' or s = 'bob steinbeck'
PREHOOK: type: QUERY
PREHOOK: Input: default@over10k
#### A masked pattern was here ####
POSTHOOK: query: select s, 
rank() over (partition by s order by dec desc), 
sum(b) over (partition by s order by ts desc) 
from over10k
where s = 'tom allen' or s = 'bob steinbeck'
POSTHOOK: type: QUERY
POSTHOOK: Input: default@over10k
#### A masked pattern was here ####
bob steinbeck	1	47244642041
bob steinbeck	11	47244642041
bob steinbeck	2	47244642041
bob steinbeck	7	47244642041
bob steinbeck	8	47244642041
bob steinbeck	9	47244642041
bob steinbeck	6	47244642041
bob steinbeck	10	47244642041
bob steinbeck	3	47244642041
bob steinbeck	4	47244642041
bob steinbeck	5	47244642041
tom allen	9	81604381169
tom allen	7	81604381169
tom allen	16	81604381169
tom allen	3	81604381169
tom allen	8	81604381169
tom allen	10	81604381169
tom allen	15	81604381169
tom allen	6	81604381169
tom allen	18	81604381169
tom allen	2	81604381169
tom allen	1	81604381169
tom allen	5	81604381169
tom allen	17	81604381169
tom allen	19	81604381169
tom allen	11	81604381169
tom allen	4	81604381169
tom allen	12	81604381169
tom allen	13	81604381169
tom allen	14	81604381169
PREHOOK: query: select s, sum(i) over (partition by s), sum(f) over (partition by si) from over10k where s = 'tom allen' or s = 'bob steinbeck'
PREHOOK: type: QUERY
PREHOOK: Input: default@over10k
#### A masked pattern was here ####
POSTHOOK: query: select s, sum(i) over (partition by s), sum(f) over (partition by si) from over10k where s = 'tom allen' or s = 'bob steinbeck'
POSTHOOK: type: QUERY
POSTHOOK: Input: default@over10k
#### A masked pattern was here ####
tom allen	1248023	47.16999816894531
tom allen	1248023	77.77999877929688
tom allen	1248023	11.069999694824219
bob steinbeck	722083	83.52999877929688
bob steinbeck	722083	38.33000183105469
bob steinbeck	722083	28.479999542236328
tom allen	1248023	2.8499999046325684
tom allen	1248023	19.459999084472656
bob steinbeck	722083	26.290000915527344
tom allen	1248023	26.239999771118164
bob steinbeck	722083	36.209999084472656
tom allen	1248023	95.41000366210938
tom allen	1248023	89.88999938964844
tom allen	1248023	14.510000228881836
bob steinbeck	722083	83.52999877929688
tom allen	1248023	38.93000030517578
tom allen	1248023	83.47000122070312
tom allen	1248023	81.8499984741211
bob steinbeck	722083	47.810001373291016
tom allen	1248023	15.84000015258789
tom allen	1248023	52.779998779296875
tom allen	1248023	39.4900016784668
bob steinbeck	722083	80.7300033569336
tom allen	1248023	11.300000190734863
tom allen	1248023	68.46999740600586
bob steinbeck	722083	68.46999740600586
bob steinbeck	722083	9.699999809265137
tom allen	1248023	55.38999938964844
bob steinbeck	722083	132.82000350952148
tom allen	1248023	132.82000350952148
PREHOOK: query: select s, rank() over (partition by s order by bo), rank() over (partition by si order by bin desc) from over10k
where s = 'tom allen' or s = 'bob steinbeck'
PREHOOK: type: QUERY
PREHOOK: Input: default@over10k
#### A masked pattern was here ####
POSTHOOK: query: select s, rank() over (partition by s order by bo), rank() over (partition by si order by bin desc) from over10k
where s = 'tom allen' or s = 'bob steinbeck'
POSTHOOK: type: QUERY
POSTHOOK: Input: default@over10k
#### A masked pattern was here ####
tom allen	1	1
tom allen	1	1
tom allen	7	1
bob steinbeck	1	1
bob steinbeck	5	1
bob steinbeck	5	1
tom allen	7	1
tom allen	1	1
bob steinbeck	5	1
tom allen	1	1
bob steinbeck	1	1
tom allen	7	1
tom allen	1	1
tom allen	7	1
bob steinbeck	5	1
tom allen	7	1
tom allen	7	1
tom allen	7	1
bob steinbeck	5	1
tom allen	7	1
tom allen	7	1
tom allen	7	1
bob steinbeck	5	1
tom allen	7	1
tom allen	7	1
bob steinbeck	1	2
bob steinbeck	5	1
tom allen	1	1
bob steinbeck	1	1
tom allen	7	2
PREHOOK: query: select s, sum(f) over (partition by i), row_number() over () from over10k where s = 'tom allen' or s = 'bob steinbeck'
PREHOOK: type: QUERY
PREHOOK: Input: default@over10k
#### A masked pattern was here ####
POSTHOOK: query: select s, sum(f) over (partition by i), row_number() over () from over10k where s = 'tom allen' or s = 'bob steinbeck'
POSTHOOK: type: QUERY
POSTHOOK: Input: default@over10k
#### A masked pattern was here ####
bob steinbeck	47.810001373291016	1
tom allen	11.069999694824219	2
tom allen	54.00000190734863	3
tom allen	54.00000190734863	4
tom allen	26.239999771118164	5
bob steinbeck	28.479999542236328	6
tom allen	81.8499984741211	7
tom allen	15.84000015258789	8
bob steinbeck	83.52999877929688	9
bob steinbeck	38.33000183105469	10
bob steinbeck	83.52999877929688	11
bob steinbeck	80.7300033569336	12
bob steinbeck	9.699999809265137	13
tom allen	89.88999938964844	14
bob steinbeck	26.290000915527344	15
bob steinbeck	36.209999084472656	16
tom allen	52.779998779296875	17
tom allen	11.300000190734863	18
tom allen	77.77999877929688	19
tom allen	40.5099983215332	20
bob steinbeck	82.19000244140625	21
tom allen	83.47000122070312	22
tom allen	38.93000030517578	23
tom allen	47.16999816894531	24
tom allen	19.459999084472656	25
tom allen	50.630001068115234	26
bob steinbeck	27.959999084472656	27
tom allen	2.8499999046325684	28
tom allen	95.41000366210938	29
tom allen	55.38999938964844	30
PREHOOK: query: select s, rank() over w1, 
rank() over w2 
from over10k 
where s = 'tom allen' or s = 'bob steinbeck'
window 
w1 as (partition by s order by dec), 
w2 as (partition by si order by f)
PREHOOK: type: QUERY
PREHOOK: Input: default@over10k
#### A masked pattern was here ####
POSTHOOK: query: select s, rank() over w1, 
rank() over w2 
from over10k 
where s = 'tom allen' or s = 'bob steinbeck'
window 
w1 as (partition by s order by dec), 
w2 as (partition by si order by f)
POSTHOOK: type: QUERY
POSTHOOK: Input: default@over10k
#### A masked pattern was here ####
tom allen	14	1
tom allen	17	1
tom allen	7	1
bob steinbeck	1	1
bob steinbeck	11	1
bob steinbeck	7	1
tom allen	12	1
tom allen	15	1
bob steinbeck	10	1
tom allen	13	1
bob steinbeck	5	1
tom allen	11	1
tom allen	2	1
tom allen	9	1
bob steinbeck	8	1
tom allen	3	1
tom allen	4	1
tom allen	8	1
bob steinbeck	3	1
tom allen	10	1
tom allen	18	1
tom allen	19	1
bob steinbeck	6	1
tom allen	5	1
bob steinbeck	9	1
tom allen	6	2
bob steinbeck	4	1
tom allen	16	1
tom allen	1	1
bob steinbeck	2	2
