PREHOOK: query: DROP TABLE part
PREHOOK: type: DROPTABLE
POSTHOOK: query: DROP TABLE part
POSTHOOK: type: DROPTABLE
PREHOOK: query: CREATE TABLE part( 
    p_partkey INT,
    p_name STRING,
    p_mfgr STRING,
    p_brand STRING,
    p_type STRING,
    p_size INT,
    p_container STRING,
    p_retailprice DOUBLE,
    p_comment STRING
)
PREHOOK: type: CREATETABLE
POSTHOOK: query: CREATE TABLE part( 
    p_partkey INT,
    p_name STRING,
    p_mfgr STRING,
    p_brand STRING,
    p_type STRING,
    p_size INT,
    p_container STRING,
    p_retailprice DOUBLE,
    p_comment STRING
)
POSTHOOK: type: CREATETABLE
POSTHOOK: Output: default@part
PREHOOK: query: LOAD DATA LOCAL INPATH '../data/files/part_tiny.txt' overwrite into table part
PREHOOK: type: LOAD
PREHOOK: Output: default@part
POSTHOOK: query: LOAD DATA LOCAL INPATH '../data/files/part_tiny.txt' overwrite into table part
POSTHOOK: type: LOAD
POSTHOOK: Output: default@part
PREHOOK: query: -- testWhereLead
select  p_mfgr,p_name, p_size 
from part 
where lead(p_size, 1) <= p_size 
distribute by p_mfgr 
sort by p_name
PREHOOK: type: QUERY
PREHOOK: Input: default@part
#### A masked pattern was here ####
Execution failed with exit status: 2
Obtaining error information

Task failed!
Task ID:
  Stage-1

Logs:

#### A masked pattern was here ####
FAILED: Execution Error, return code 2 from org.apache.hadoop.hive.ql.exec.MapRedTask
